F:\1_Automation_projects\Vrtalka\Logical\Global.typ
F:\1_Automation_projects\Vrtalka\Logical\Global.var
F:\1_Automation_projects\Vrtalka\Logical\Libraries\operator\operator.fun
F:\1_Automation_projects\Vrtalka\Logical\Libraries\operator\operator.typ
F:\1_Automation_projects\Vrtalka\Logical\Libraries\operator\operator.var
F:\1_Automation_projects\Vrtalka\Logical\Libraries\runtime\runtime.fun
F:\1_Automation_projects\Vrtalka\Logical\Libraries\runtime\runtime.typ
F:\1_Automation_projects\Vrtalka\Logical\Libraries\runtime\runtime.var
F:\1_Automation_projects\Vrtalka\Logical\Libraries\astime\astime.fun
F:\1_Automation_projects\Vrtalka\Logical\Libraries\astime\astime.typ
F:\1_Automation_projects\Vrtalka\Logical\Libraries\astime\astime.var
F:\1_Automation_projects\Vrtalka\Logical\Libraries\AsIecCon\AsIecCon.fun
F:\1_Automation_projects\Vrtalka\Logical\Libraries\AsIecCon\AsIecCon.typ
F:\1_Automation_projects\Vrtalka\Logical\Libraries\AsIecCon\AsIecCon.var
F:\1_Automation_projects\Vrtalka\Logical\Libraries\MTBasics\MTBasics.fun
F:\1_Automation_projects\Vrtalka\Logical\Libraries\MTBasics\MTBasics.typ
F:\1_Automation_projects\Vrtalka\Logical\Libraries\MTBasics\MTBasics.var
F:\1_Automation_projects\Vrtalka\Logical\Libraries\brsystem\brsystem.fun
F:\1_Automation_projects\Vrtalka\Logical\Libraries\brsystem\brsystem.typ
F:\1_Automation_projects\Vrtalka\Logical\Libraries\brsystem\brsystem.var
F:\1_Automation_projects\Vrtalka\Logical\Libraries\MTTypes\MTTypes.fun
F:\1_Automation_projects\Vrtalka\Logical\Libraries\MTTypes\MTTypes.typ
F:\1_Automation_projects\Vrtalka\Logical\Libraries\MTTypes\MTTypes.var
F:\1_Automation_projects\Vrtalka\Logical\Libraries\sys_lib\sys_lib.fun
F:\1_Automation_projects\Vrtalka\Logical\Libraries\sys_lib\sys_lib.typ
F:\1_Automation_projects\Vrtalka\Logical\Libraries\sys_lib\sys_lib.var
F:\1_Automation_projects\Vrtalka\Logical\hmiVariables.var
